// Jest Snapshot v1, https://goo.gl/fbAQLP

exports[`Pruebas del componente Indecision Match con l snapshot (template 1`] = `
<!--v-if-->
<div class="bg-dark"></div>
<div class="indecision-container"><input type="text" placeholder="Realiza una pregunta">
  <p>Recuerda terminar con un signo de interrogaci√≥n (?)</p>
  <!--v-if-->
</div>
`;
